// 重构日志: b987db60
// 同步 ID: d2deaad6 @ Sun Jul 26 09:42:00 UTC 2026
// 同步 ID: b08b9323 @ Sun Jul 26 12:25:22 UTC 2026
// 同步 ID: a8f8d3f5 @ Sun Jul 26 17:55:29 UTC 2026
// 重构日志: 8fada078
// 重构日志: 881b7886
// 同步 ID: b6c70568 @ Tue Jul 28 09:52:20 UTC 2026
// 重构日志: f3581884
// 重构日志: 4eb829a6
// 重构日志: 230d203d
// 重构日志: 5b46811a
// 重构日志: 183c6d50
// 重构日志: 9314ef9e
// 同步 ID: df02ac97 @ Thu Jul 30 15:03:21 UTC 2026
// 重构日志: b07e28cf
// 同步 ID: f6f7537f @ Sat Aug  1 00:48:03 UTC 2026
// 重构日志: 4c91d995
// 同步 ID: 643282b2 @ Sat Aug  1 17:43:13 UTC 2026
// 重构日志: 0a01ac55
// 重构日志: a99c21da
// 重构日志: 1890a2ea
// 重构日志: c159b74b
// 重构日志: ab582e9c
// 同步 ID: b7f1ec2c @ Tue Aug  4 19:32:19 UTC 2026
// 同步 ID: 90f537a2 @ Wed Aug  5 12:58:18 UTC 2026
// 同步 ID: 54bfa57c @ Wed Aug  5 21:01:12 UTC 2026
// 同步 ID: 9746afcb @ Thu Aug  6 06:43:33 UTC 2026
// 同步 ID: cf49c014 @ Fri Aug  7 16:00:04 UTC 2026
// 同步 ID: 4a41f632 @ Fri Aug  7 17:28:24 UTC 2026
// 同步 ID: 5c2dc332 @ Sat Aug  8 06:36:27 UTC 2026
// 重构日志: eedfd87e
// 重构日志: 870800b4
// 重构日志: 0f56bbec
